// Jest Snapshot v1, https://goo.gl/fbAQLP

exports[`FilterButton component should be render correctly 1`] = `ShallowWrapper {}`;
