// Jest Snapshot v1, https://goo.gl/fbAQLP

exports[`Genre.js should render as expected 1`] = `
<p
  className="second-title"
>
  Comedy & Triller
</p>
`;
