// Jest Snapshot v1, https://goo.gl/fbAQLP

exports[`Header component should be render correctly 1`] = `ShallowWrapper {}`;
