// Jest Snapshot v1, https://goo.gl/fbAQLP

exports[`CompanyTitle.js renders renders for desktop 1`] = `
<p
  className="company-title"
>
  netflixroulette
</p>
`;
