// Jest Snapshot v1, https://goo.gl/fbAQLP

exports[`SearchArea component should be render correctly 1`] = `ShallowWrapper {}`;
