// Jest Snapshot v1, https://goo.gl/fbAQLP

exports[`SearchHeader.js should render as expected 1`] = `
<div
  className="header"
>
  <Ð¡ompanyTitle />
  <Connect(SearchArea) />
</div>
`;
