// Jest Snapshot v1, https://goo.gl/fbAQLP

exports[`Footer.js should render as expected 1`] = `
<div
  className="footer"
>
  <Ð¡ompanyTitle />
</div>
`;
