// Jest Snapshot v1, https://goo.gl/fbAQLP

exports[`ReleaseDate.js renders as expected 1`] = `
<p
  className="release-date"
>
  2019-01-01
</p>
`;
