// Jest Snapshot v1, https://goo.gl/fbAQLP

exports[`FilmName.js renders renders for desktop 1`] = `
<p
  className="film-asset-name"
/>
`;
