// Jest Snapshot v1, https://goo.gl/fbAQLP

exports[`SearchResults component should be render correctly 1`] = `ShallowWrapper {}`;
