// Jest Snapshot v1, https://goo.gl/fbAQLP

exports[`GenreArea.js should render as expected 1`] = `
<p
  className="film-genre"
>
  Films by 
   genre
</p>
`;
