// Jest Snapshot v1, https://goo.gl/fbAQLP

exports[`Poster.js should render as expected 1`] = `
<img
  alt="Poster"
  height="400px"
  src="src/images/wallpaper3.jpg"
  width="285p"
/>
`;
