// Jest Snapshot v1, https://goo.gl/fbAQLP

exports[`App.js should render as expected 1`] = `
<ContextConsumer>
  <Component />
</ContextConsumer>
`;
